## Домашнее задание к занятию "3.5. Файловые системы"

1. Узнайте о [sparse](https://ru.wikipedia.org/wiki/%D0%A0%D0%B0%D0%B7%D1%80%D0%B5%D0%B6%D1%91%D0%BD%D0%BD%D1%8B%D0%B9_%D1%84%D0%B0%D0%B9%D0%BB) (разряженных) файлах.

   
**Ответ:** Сделано.

2. Могут ли файлы, являющиеся жесткой ссылкой на один объект, иметь разные права доступа и владельца? Почему?


   **Ответ:** Нет, файлы, которые являются жесткой ссылкой на один объект не могут иметь разные права доступа и владельца.
Причина в том, что информация о правах доступа и владельце хранится в специальной структуре объекта файловой системы, а жесткие ссылки - это всего лишь указатели на этот объект.

3. Сделайте `vagrant destroy` на имеющийся инстанс Ubuntu. Замените содержимое Vagrantfile следующим:

    ```bash
    Vagrant.configure("2") do |config|
      config.vm.box = "bento/ubuntu-20.04"
      config.vm.provider :virtualbox do |vb|
        lvm_experiments_disk0_path = "/tmp/lvm_experiments_disk0.vmdk"
        lvm_experiments_disk1_path = "/tmp/lvm_experiments_disk1.vmdk"
        vb.customize ['createmedium', '--filename', lvm_experiments_disk0_path, '--size', 2560]
        vb.customize ['createmedium', '--filename', lvm_experiments_disk1_path, '--size', 2560]
        vb.customize ['storageattach', :id, '--storagectl', 'SATA Controller', '--port', 1, '--device', 0, '--type', 'hdd', '--medium', lvm_experiments_disk0_path]
        vb.customize ['storageattach', :id, '--storagectl', 'SATA Controller', '--port', 2, '--device', 0, '--type', 'hdd', '--medium', lvm_experiments_disk1_path]
      end
    end
    ```

    Данная конфигурация создаст новую виртуальную машину с двумя дополнительными неразмеченными дисками по 2.5 Гб.

**Ответ:** Сделано.

4. Используя `fdisk`, разбейте первый диск на 2 раздела: 2 Гб, оставшееся пространство.

**Ответ:**

Смотрим, появились диски /dev/sdb и /dev/sdc:
```shell
root@vagrant:~# fdisk -l
Disk /dev/sda: 64 GiB, 68719476736 bytes, 134217728 sectors
Disk model: VBOX HARDDISK
Units: sectors of 1 * 512 = 512 bytes
Sector size (logical/physical): 512 bytes / 512 bytes
I/O size (minimum/optimal): 512 bytes / 512 bytes
Disklabel type: dos
Disk identifier: 0x3f94c461

Device     Boot   Start       End   Sectors  Size Id Type
/dev/sda1  *       2048   1050623   1048576  512M  b W95 FAT32
/dev/sda2       1052670 134215679 133163010 63.5G  5 Extended
/dev/sda5       1052672 134215679 133163008 63.5G 8e Linux LVM


Disk /dev/sdb: 2.51 GiB, 2684354560 bytes, 5242880 sectors
Disk model: VBOX HARDDISK
Units: sectors of 1 * 512 = 512 bytes
Sector size (logical/physical): 512 bytes / 512 bytes
I/O size (minimum/optimal): 512 bytes / 512 bytes


Disk /dev/sdc: 2.51 GiB, 2684354560 bytes, 5242880 sectors
Disk model: VBOX HARDDISK
Units: sectors of 1 * 512 = 512 bytes
Sector size (logical/physical): 512 bytes / 512 bytes
I/O size (minimum/optimal): 512 bytes / 512 bytes
```

Создаем разделы на диске /dev/sdb:

```shell


root@vagrant:~# fdisk /dev/sdb

Welcome to fdisk (util-linux 2.34).
Changes will remain in memory only, until you decide to write them.
Be careful before using the write command.

Device does not contain a recognized partition table.
Created a new DOS disklabel with disk identifier 0xf27a41f5.

Command (m for help):

Command (m for help): n
Partition type
   p   primary (0 primary, 0 extended, 4 free)
   e   extended (container for logical partitions)
Select (default p):

Command (m for help): n
Partition type
   p   primary (0 primary, 0 extended, 4 free)
   e   extended (container for logical partitions)
Select (default p): p
Partition number (1-4, default 1): 1
First sector (2048-5242879, default 2048): 2048
Last sector, +/-sectors or +/-size{K,M,G,T,P} (2048-5242879, default 5242879): +2G

Created a new partition 1 of type 'Linux' and of size 2 GiB.

Command (m for help):

Command (m for help): n
Partition type
   p   primary (1 primary, 0 extended, 3 free)
   e   extended (container for logical partitions)
Select (default p): p
Partition number (2-4, default 2): 2
First sector (4196352-5242879, default 4196352):
Last sector, +/-sectors or +/-size{K,M,G,T,P} (4196352-5242879, default 5242879):

Created a new partition 2 of type 'Linux' and of size 511 MiB.

Command (m for help): p
Disk /dev/sdb: 2.51 GiB, 2684354560 bytes, 5242880 sectors
Disk model: VBOX HARDDISK
Units: sectors of 1 * 512 = 512 bytes
Sector size (logical/physical): 512 bytes / 512 bytes
I/O size (minimum/optimal): 512 bytes / 512 bytes
Disklabel type: dos
Disk identifier: 0x359b3e1c

Device     Boot   Start     End Sectors  Size Id Type
/dev/sdb1          2048 4196351 4194304    2G 83 Linux
/dev/sdb2       4196352 5242879 1046528  511M 83 Linux

Command (m for help):


Command (m for help): w

The partition table has been altered.
Calling ioctl() to re-read partition table.

```

5. Используя `sfdisk`, перенесите данную таблицу разделов на второй диск.

**Ответ:**

```shell
root@vagrant:~# sfdisk --dump /dev/sdb > sdb.dump
root@vagrant:~# sfdisk /dev/sdc < sdb.dump
Checking that no-one is using this disk right now ... OK

Disk /dev/sdc: 2.51 GiB, 2684354560 bytes, 5242880 sectors
Disk model: VBOX HARDDISK
Units: sectors of 1 * 512 = 512 bytes
Sector size (logical/physical): 512 bytes / 512 bytes
I/O size (minimum/optimal): 512 bytes / 512 bytes

>>> Script header accepted.
>>> Script header accepted.
>>> Script header accepted.
>>> Script header accepted.
>>> Created a new DOS disklabel with disk identifier 0x359b3e1c.
/dev/sdc1: Created a new partition 1 of type 'Linux' and of size 2 GiB.
/dev/sdc2: Created a new partition 2 of type 'Linux' and of size 511 MiB.
/dev/sdc3: Done.

New situation:
Disklabel type: dos
Disk identifier: 0x359b3e1c

Device     Boot   Start     End Sectors  Size Id Type
/dev/sdc1          2048 4196351 4194304    2G 83 Linux
/dev/sdc2       4196352 5242879 1046528  511M 83 Linux

The partition table has been altered.
Calling ioctl() to re-read partition table.
Syncing disks.
```

6. Соберите `mdadm` RAID1 на паре разделов 2 Гб.

**Ответ:**
```shell
root@vagrant:~# mdadm --create /dev/md0 --level=raid1 --raid-devices=2 /dev/sd[bc]1
mdadm: Note: this array has metadata at the start and
    may not be suitable as a boot device.  If you plan to
    store '/boot' on this device please ensure that
    your boot-loader understands md/v1.x metadata, or use
    --metadata=0.90
Continue creating array? y
mdadm: Defaulting to version 1.2 metadata
mdadm: array /dev/md0 started.
```

7. Соберите `mdadm` RAID0 на второй паре маленьких разделов.

**Ответ:**
```shell
root@vagrant:~# mdadm --create /dev/md1 --level=raid0 --raid-devices=2 /dev/sd[bc]2
mdadm: Defaulting to version 1.2 metadata
mdadm: array /dev/md1 started.
```

8. Создайте 2 независимых PV на получившихся md-устройствах.

**Ответ:**
```shell
root@vagrant:~# pvcreate /dev/md0
  Physical volume "/dev/md0" successfully created.
root@vagrant:~# pvcreate /dev/md1
  Physical volume "/dev/md1" successfully created.
```

9. Создайте общую volume-group на этих двух PV.

**Ответ:**
```shell
root@vagrant:~# vgcreate myvg /dev/md0 /dev/md1
  Volume group "myvg" successfully created
```

10. Создайте LV размером 100 Мб, указав его расположение на PV с RAID0.

**Ответ:**
```shell
root@vagrant:~# lvcreate --size 100M myvg /dev/md1
  Logical volume "lvol0" created.
```

11. Создайте `mkfs.ext4` ФС на получившемся LV.

**Ответ:**
```shell
root@vagrant:~# mkfs.ext4 /dev/myvg/lvol0
mke2fs 1.45.5 (07-Jan-2020)
Creating filesystem with 25600 4k blocks and 25600 inodes

Allocating group tables: done
Writing inode tables: done
Creating journal (1024 blocks): done
Writing superblocks and filesystem accounting information: done
```

12. Смонтируйте этот раздел в любую директорию, например, `/tmp/new`.

**Ответ:**
```shell
root@vagrant:~# mkdir /tmp/new
root@vagrant:~# mount /dev/myvg/lvol0 /tmp/new/
```

13. Поместите туда тестовый файл, например `wget https://mirror.yandex.ru/ubuntu/ls-lR.gz -O /tmp/new/test.gz`.

**Ответ:**
```shell
root@vagrant:~# wget https://mirror.yandex.ru/ubuntu/ls-lR.gz -O /tmp/new/test.gz
--2021-12-03 17:50:01--  https://mirror.yandex.ru/ubuntu/ls-lR.gz
Resolving mirror.yandex.ru (mirror.yandex.ru)... 213.180.204.183, 2a02:6b8::183
Connecting to mirror.yandex.ru (mirror.yandex.ru)|213.180.204.183|:443... connected.
HTTP request sent, awaiting response... 200 OK
Length: 22580844 (22M) [application/octet-stream]
Saving to: ‘/tmp/new/test.gz’

/tmp/new/test.gz                    100%[==================================================================>]  21.53M   652KB/s    in 43s

2021-12-03 17:50:45 (513 KB/s) - ‘/tmp/new/test.gz’ saved [22580844/22580844]
```

14. Прикрепите вывод `lsblk`.

**Ответ:**
```shell
root@vagrant:~# lsblk
NAME                 MAJ:MIN RM  SIZE RO TYPE  MOUNTPOINT
sda                    8:0    0   64G  0 disk
├─sda1                 8:1    0  512M  0 part  /boot/efi
├─sda2                 8:2    0    1K  0 part
└─sda5                 8:5    0 63.5G  0 part
  ├─vgvagrant-root   253:0    0 62.6G  0 lvm   /
  └─vgvagrant-swap_1 253:1    0  980M  0 lvm   [SWAP]
sdb                    8:16   0  2.5G  0 disk
├─sdb1                 8:17   0    2G  0 part
│ └─md0                9:0    0    2G  0 raid1
└─sdb2                 8:18   0  511M  0 part
  └─md1                9:1    0 1018M  0 raid0
    └─myvg-lvol0     253:2    0  100M  0 lvm   /tmp/new
sdc                    8:32   0  2.5G  0 disk
├─sdc1                 8:33   0    2G  0 part
│ └─md0                9:0    0    2G  0 raid1
└─sdc2                 8:34   0  511M  0 part
  └─md1                9:1    0 1018M  0 raid0
    └─myvg-lvol0     253:2    0  100M  0 lvm   /tmp/new
	
```

15. Протестируйте целостность файла:

**Ответ:**
```shell
root@vagrant:~# gzip -t /tmp/new/test.gz
root@vagrant:~# echo $?
0
```

16. Используя pvmove, переместите содержимое PV с RAID0 на RAID1.

**Ответ:**
```shell
root@vagrant:~# pvmove /dev/md1 /dev/md0
  /dev/md1: Moved: 20.00%
  /dev/md1: Moved: 100.00%
```

17. Сделайте `--fail` на устройство в вашем RAID1 md.

**Ответ:**
```shell
root@vagrant:~# mdadm /dev/md0 --fail /dev/sdb1
mdadm: set /dev/sdb1 faulty in /dev/md0
```

18. Подтвердите выводом `dmesg`, что RAID1 работает в деградированном состоянии.

**Ответ:**
```shell
root@vagrant:~# dmesg | tail
[44537.872312] md0: detected capacity change from 0 to 2144337920
[44537.873666] md: resync of RAID array md0
[44548.532797] md: md0: resync done.
[44605.455954] md1: detected capacity change from 0 to 1067450368
[44746.127169] md: data-check of RAID array md0
[44756.722166] md: md0: data-check done.
[45337.404417] EXT4-fs (dm-2): mounted filesystem with ordered data mode. Opts: (null)
[45337.404425] ext4 filesystem being mounted at /tmp/new supports timestamps until 2038 (0x7fffffff)
[46760.941886] md/raid1:md0: Disk failure on sdb1, disabling device.
               md/raid1:md0: Operation continuing on 1 devices.
			   
```

19. Протестируйте целостность файла, несмотря на "сбойный" диск он должен продолжать быть доступен:

**Ответ:**
```shell
root@vagrant:~# gzip -t /tmp/new/test.gz
root@vagrant:~# echo $?
0
```

20. Погасите тестовый хост, `vagrant destroy`.
